python : Traceback (most recent call last):
строка:1 знак:64
+ ... A_FOR_PROMPTS-main" ; python desktop\build.py > build_output.txt 2>&1
+                           ~~~~~~~~~~~~~~~~~~~~~~~~~~~~~~~~~~~~~~~~~~~~~~~
    + CategoryInfo          : NotSpecified: (Traceback (most recent call last)::String) [], RemoteException
    + FullyQualifiedErrorId : NativeCommandError
 
  File "G:\CODING\PANDORA_FOR_PROMPTS\PANDORA_FOR_PROMPTS-main\desktop\build.py", line 543, in <module>
    sys.exit(main())
  File "G:\CODING\PANDORA_FOR_PROMPTS\PANDORA_FOR_PROMPTS-main\desktop\build.py", line 502, in main
    if not check_environment():
  File "G:\CODING\PANDORA_FOR_PROMPTS\PANDORA_FOR_PROMPTS-main\desktop\build.py", line 213, in check_environment
    print_separator()
  File "G:\CODING\PANDORA_FOR_PROMPTS\PANDORA_FOR_PROMPTS-main\desktop\build.py", line 124, in print_separator
    print(f"{Color.DIM}{char * 70}{Color.END}")
  File "C:\Users\Nikita\AppData\Local\Programs\Python\Python310\lib\encodings\cp1251.py", line 19, in encode
    return codecs.charmap_encode(input,self.errors,encoding_table)[0]
UnicodeEncodeError: 'charmap' codec can't encode characters in position 4-73: character maps to <undefined>

    [96m[1m
    ========================================================
         PANDORA v2.0 - Windows EXE Builder
         Professional Build System
    ========================================================
    [0m
    
[95m[STEP][0m Phase 1: Environment Check
[96m[CHECK][0m Checking build environment...
[91m[ERROR] Unexpected error: 'charmap' codec can't encode characters in position 4-73: character maps to <undefined>[0m
